<html>
<body>
<pre>
<h1>µVision Build Log</h1>
<h2>Tool Versions:</h2>
IDE-Version: µVision V5.38.0.0
Copyright (C) 2022 ARM Ltd and ARM Germany GmbH. All rights reserved.
License Information: ngfjhgh hgjkhg, jhytiu, LIC=----
 
Tool Versions:
Toolchain:       MDK-Lite  Version: 5.38.0.0
Toolchain Path:  C:\Keil_v5\ARM\ARMCLANG\Bin
C Compiler:      ArmClang.exe V6.19
Assembler:       Armasm.exe V6.19
Linker/Locator:  ArmLink.exe V6.19
Library Manager: ArmAr.exe V6.19
Hex Converter:   FromElf.exe V6.19
CPU DLL:         SARMCM3.DLL V5.38.0.0
Dialog DLL:      DCM.DLL V1.17.5.0
Target DLL:      STLink\ST-LINKIII-KEIL_SWO.dll V3.1.0.0
Dialog DLL:      TCM.DLL V1.56.4.0
 
<h2>Project:</h2>
C:\Users\Zotin\Desktop\work\_Current tasks\Temperature sensor\board project\TemperatureSensor.uvprojx
Project File Date:  09/30/2025

<h2>Output:</h2>
*** Using Compiler 'V6.19', folder: 'C:\Keil_v5\ARM\ARMCLANG\Bin'
Build target 'Target 1'
TMP119.c(1): warning: In file included from...
../board project/TMP119.h(3): warning: In file included from...
C:/keil_pack/Keil/STM32F4xx_DFP/2.17.1/Drivers/CMSIS/Device/ST/STM32F4xx/Include\stm32f4xx.h(287): warning: In file included from...
C:/keil_pack/Keil/STM32F4xx_DFP/2.17.1/Drivers/STM32F4xx_HAL_Driver/Inc\stm32f4xx_hal.h(29): warning: In file included from...
./RTE/Device/STM32F407VGTx\stm32f4xx_hal_conf.h(405): warning: In file included from...
C:/keil_pack/Keil/STM32F4xx_DFP/2.17.1/Drivers/STM32F4xx_HAL_Driver/Inc\stm32f4xx_hal_adc.h(31): warning: In file included from...
C:/keil_pack/Keil/STM32F4xx_DFP/2.17.1/Drivers/STM32F4xx_HAL_Driver/Inc/stm32f4xx_ll_adc.h(4018): warning: implicit conversion loses integer precision: 'uint16_t' (aka 'unsigned short') to 'uint8_t' (aka 'unsigned char') [-Wimplicit-int-conversion]
  return (uint16_t)(READ_BIT(ADCx->DR, ADC_DR_DATA));
  ~~~~~~ ^~~~~~~~~~~~~~~~~~~~~~~~~~~~~~~~~~~~~~~~~~~
C:/keil_pack/Keil/STM32F4xx_DFP/2.17.1/Drivers/STM32F4xx_HAL_Driver/Inc/stm32f4xx_ll_adc.h(4033): warning: implicit conversion loses integer precision: 'uint16_t' (aka 'unsigned short') to 'uint8_t' (aka 'unsigned char') [-Wimplicit-int-conversion]
  return (uint16_t)(READ_BIT(ADCx->DR, ADC_DR_DATA));
  ~~~~~~ ^~~~~~~~~~~~~~~~~~~~~~~~~~~~~~~~~~~~~~~~~~~
TMP119.c(1): warning: In file included from...
../board project/TMP119.h(30): warning: no newline at end of file [-Wnewline-eof]
#endif
      ^
TMP119.c(1): warning: In file included from...
../board project/TMP119.h(3): warning: In file included from...
C:/keil_pack/Keil/STM32F4xx_DFP/2.17.1/Drivers/CMSIS/Device/ST/STM32F4xx/Include\stm32f4xx.h(287): warning: In file included from...
C:/keil_pack/Keil/STM32F4xx_DFP/2.17.1/Drivers/STM32F4xx_HAL_Driver/Inc\stm32f4xx_hal.h(29): warning: In file included from...
./RTE/Device/STM32F407VGTx\stm32f4xx_hal_conf.h(469): warning: In file included from...
C:/keil_pack/Keil/STM32F4xx_DFP/2.17.1/Drivers/STM32F4xx_HAL_Driver/Inc\stm32f4xx_hal_i2c.h(215): warning: padding struct 'I2C_HandleTypeDef' with 1 byte to align 'ErrorCode' [-Wpadded]
  __IO uint32_t              ErrorCode;      /*!< I2C Error code                           */
                             ^
TMP119.c(6): warning: mixing declarations and code is incompatible with standards before C99 [-Wdeclaration-after-statement]
        GPIO_InitTypeDef GPIO_InitStruct;
                         ^
TMP119.c(1): warning: In file included from...
../board project/TMP119.h(3): warning: In file included from...
C:/keil_pack/Keil/STM32F4xx_DFP/2.17.1/Drivers/CMSIS/Device/ST/STM32F4xx/Include\stm32f4xx.h(287): warning: In file included from...
C:/keil_pack/Keil/STM32F4xx_DFP/2.17.1/Drivers/STM32F4xx_HAL_Driver/Inc\stm32f4xx_hal.h(29): warning: In file included from...
./RTE/Device/STM32F407VGTx\stm32f4xx_hal_conf.h(397): warning: In file included from...
C:/keil_pack/Keil/STM32F4xx_DFP/2.17.1/Drivers/STM32F4xx_HAL_Driver/Inc\stm32f4xx_hal_dma.h(148): warning: padding struct 'struct __DMA_HandleTypeDef' with 2 bytes to align 'Parent' [-Wpadded]
  void                       *Parent;                                                          /*!< Parent object state                    */ 
                              ^
TMP119.c(30): warning: implicit conversion loses integer precision: 'int' to 'uint16_t' (aka 'unsigned short') [-Wimplicit-int-conversion]
  regData = (data[0] << 8) | data[1];
          ~ ~~~~~~~~~~~~~~~^~~~~~~~~
TMP119.c(45): warning: implicit conversion loses integer precision: 'int' to 'uint16_t' (aka 'unsigned short') [-Wimplicit-int-conversion]
                res = HAL_I2C_IsDeviceReady(&hi2c1, i << 1, 1, HAL_MAX_DELAY); 
                      ~~~~~~~~~~~~~~~~~~~~~         ~~^~~~
TMP119.c(48): warning: implicit conversion loses integer precision: 'uint16_t' (aka 'unsigned short') to 'int8_t' (aka 'signed char') [-Wimplicit-int-conversion]
                        return i;
                        ~~~~~~ ^
9 warnings generated.
compiling TMP119.c...
main.c(1): warning: In file included from...
../board project/AD7799.h(3): warning: In file included from...
C:/keil_pack/Keil/STM32F4xx_DFP/2.17.1/Drivers/CMSIS/Device/ST/STM32F4xx/Include\stm32f4xx.h(287): warning: In file included from...
C:/keil_pack/Keil/STM32F4xx_DFP/2.17.1/Drivers/STM32F4xx_HAL_Driver/Inc\stm32f4xx_hal.h(29): warning: In file included from...
./RTE/Device/STM32F407VGTx\stm32f4xx_hal_conf.h(405): warning: In file included from...
C:/keil_pack/Keil/STM32F4xx_DFP/2.17.1/Drivers/STM32F4xx_HAL_Driver/Inc\stm32f4xx_hal_adc.h(31): warning: In file included from...
C:/keil_pack/Keil/STM32F4xx_DFP/2.17.1/Drivers/STM32F4xx_HAL_Driver/Inc/stm32f4xx_ll_adc.h(4018): warning: implicit conversion loses integer precision: 'uint16_t' (aka 'unsigned short') to 'uint8_t' (aka 'unsigned char') [-Wimplicit-int-conversion]
  return (uint16_t)(READ_BIT(ADCx->DR, ADC_DR_DATA));
  ~~~~~~ ^~~~~~~~~~~~~~~~~~~~~~~~~~~~~~~~~~~~~~~~~~~
C:/keil_pack/Keil/STM32F4xx_DFP/2.17.1/Drivers/STM32F4xx_HAL_Driver/Inc/stm32f4xx_ll_adc.h(4033): warning: implicit conversion loses integer precision: 'uint16_t' (aka 'unsigned short') to 'uint8_t' (aka 'unsigned char') [-Wimplicit-int-conversion]
  return (uint16_t)(READ_BIT(ADCx->DR, ADC_DR_DATA));
  ~~~~~~ ^~~~~~~~~~~~~~~~~~~~~~~~~~~~~~~~~~~~~~~~~~~
main.c(2): warning: In file included from...
../board project/UART.h(10): warning: no newline at end of file [-Wnewline-eof]
#endif
      ^
main.c(3): warning: In file included from...
../board project/TMP119.h(30): warning: no newline at end of file [-Wnewline-eof]
#endif
      ^
main.c(1): warning: In file included from...
../board project/AD7799.h(3): warning: In file included from...
C:/keil_pack/Keil/STM32F4xx_DFP/2.17.1/Drivers/CMSIS/Device/ST/STM32F4xx/Include\stm32f4xx.h(287): warning: In file included from...
C:/keil_pack/Keil/STM32F4xx_DFP/2.17.1/Drivers/STM32F4xx_HAL_Driver/Inc\stm32f4xx_hal.h(29): warning: In file included from...
./RTE/Device/STM32F407VGTx\stm32f4xx_hal_conf.h(469): warning: In file included from...
C:/keil_pack/Keil/STM32F4xx_DFP/2.17.1/Drivers/STM32F4xx_HAL_Driver/Inc\stm32f4xx_hal_i2c.h(215): warning: padding struct 'I2C_HandleTypeDef' with 1 byte to align 'ErrorCode' [-Wpadded]
  __IO uint32_t              ErrorCode;      /*!< I2C Error code                           */
                             ^
main.c(71): warning: implicit conversion from 'int' to 'float' may lose precision [-Wimplicit-int-float-conversion]
                f = ((int8_t) rec.bytes[1] << 8 | rec.bytes[0]) * 0.0078125f; 
                     ~~~~~~~~~~~~~~~~~~~~~~~~~~~^~~~~~~~~~~~~~  ~
main.c(30): warning: mixing declarations and code is incompatible with standards before C99 [-Wdeclaration-after-statement]
        int16_t st = 0;
                ^
main.c(45): warning: unused variable 'mC' [-Wunused-variable]
        int16_t mC, C;
                ^
main.c(47): warning: variable 'adrr' set but not used [-Wunused-but-set-variable]
        int8_t adrr = 0;
               ^
main.c(30): warning: variable 'st' set but not used [-Wunused-but-set-variable]
        int16_t st = 0;
                ^
main.c(45): warning: unused variable 'C' [-Wunused-variable]
        int16_t mC, C;
                    ^
main.c(42): warning: variable 'ID' set but not used [-Wunused-but-set-variable]
        uint16_t ID = 0;
                 ^
main.c(44): warning: variable 'f' set but not used [-Wunused-but-set-variable]
        float f;
              ^
main.c(1): warning: In file included from...
../board project/AD7799.h(3): warning: In file included from...
C:/keil_pack/Keil/STM32F4xx_DFP/2.17.1/Drivers/CMSIS/Device/ST/STM32F4xx/Include\stm32f4xx.h(287): warning: In file included from...
C:/keil_pack/Keil/STM32F4xx_DFP/2.17.1/Drivers/STM32F4xx_HAL_Driver/Inc\stm32f4xx_hal.h(29): warning: In file included from...
./RTE/Device/STM32F407VGTx\stm32f4xx_hal_conf.h(397): warning: In file included from...
C:/keil_pack/Keil/STM32F4xx_DFP/2.17.1/Drivers/STM32F4xx_HAL_Driver/Inc\stm32f4xx_hal_dma.h(148): warning: padding struct 'struct __DMA_HandleTypeDef' with 2 bytes to align 'Parent' [-Wpadded]
  void                       *Parent;                                                          /*!< Parent object state                    */ 
                              ^
14 warnings generated.
compiling main.c...
linking...
Program Size: Code=10772 RO-data=448 RW-data=12 ZI-data=1888  
".\Objects\TemperatureSensor.axf" - 0 Error(s), 23 Warning(s).

<h2>Software Packages used:</h2>

Package Vendor: ARM
                http://www.keil.com/pack/ARM.CMSIS.5.9.0.pack
                ARM.CMSIS.5.9.0
                CMSIS (Common Microcontroller Software Interface Standard)
   * Component: CORE Version: 5.6.0

Package Vendor: Keil
                https://www.keil.com/pack/Keil.STM32F4xx_DFP.2.17.1.pack
                Keil.STM32F4xx_DFP.2.17.1
                STMicroelectronics STM32F4 Series Device Support, Drivers and Examples
   * Component: STM32Cube Framework Version: 1.0.0
   * Component: Classic Version: 1.8.1
   * Component: ADC Version: 1.8.1
   * Component: Common Version: 1.8.1
   * Component: Cortex Version: 1.8.1
   * Component: DAC Version: 1.8.1
   * Component: DMA Version: 1.8.1
   * Component: EXTI Version: 1.8.1
   * Component: GPIO Version: 1.8.1
   * Component: I2C Version: 1.8.1
   * Component: PWR Version: 1.8.1
   * Component: RCC Version: 1.8.1
   * Component: SPI Version: 1.8.1
   * Component: TIM Version: 1.8.1
   * Component: UART Version: 1.8.1
   * Component: Startup Version: 2.6.3

<h2>Collection of Component include folders:</h2>
  ./RTE/Device/STM32F407VGTx
  ./RTE/_Target_1
  C:/keil_pack/ARM/CMSIS/5.9.0/CMSIS/Core/Include
  C:/keil_pack/Keil/STM32F4xx_DFP/2.17.1/Drivers/CMSIS/Device/ST/STM32F4xx/Include
  C:/keil_pack/Keil/STM32F4xx_DFP/2.17.1/Drivers/STM32F4xx_HAL_Driver/Inc

<h2>Collection of Component Files used:</h2>

   * Component: ::Device:STM32Cube Framework:1.0.0 (API)

   * Component: ARM::CMSIS:CORE:5.6.0

   * Component: Keil::Device:STM32Cube Framework:Classic:1.8.1
      Source file:   MDK/Templates/Src/stm32f4xx_it.c
      Source file:   MDK/Templates/Src/main.c
      Include file:  MDK/Templates/Inc/stm32f4xx_it.h
      Source file:   MDK/Templates_LL/Src/main.c
      Source file:   MDK/Templates/Src/stm32f4xx_hal_msp.c
      Include file:  MDK/Templates/Inc/main.h
      Include file:  CMSIS/Driver/Config/RTE_Device.h
      Include file:  MDK/Templates_LL/Inc/main.h
      Include file:  MDK/Templates/Inc/stm32f4xx_hal_conf.h

   * Component: Keil::Device:STM32Cube HAL:ADC:1.8.1
      Source file:   Drivers/STM32F4xx_HAL_Driver/Src/stm32f4xx_hal_adc_ex.c
      Source file:   Drivers/STM32F4xx_HAL_Driver/Src/stm32f4xx_hal_adc.c

   * Component: Keil::Device:STM32Cube HAL:Common:1.8.1
      Source file:   Drivers/STM32F4xx_HAL_Driver/Src/stm32f4xx_hal.c
      Include file:  Drivers/STM32F4xx_HAL_Driver/Inc/stm32f4xx_hal.h

   * Component: Keil::Device:STM32Cube HAL:Cortex:1.8.1
      Source file:   Drivers/STM32F4xx_HAL_Driver/Src/stm32f4xx_hal_cortex.c

   * Component: Keil::Device:STM32Cube HAL:DAC:1.8.1
      Source file:   Drivers/STM32F4xx_HAL_Driver/Src/stm32f4xx_hal_dac_ex.c
      Source file:   Drivers/STM32F4xx_HAL_Driver/Src/stm32f4xx_hal_dac.c

   * Component: Keil::Device:STM32Cube HAL:DMA:1.8.1
      Source file:   Drivers/STM32F4xx_HAL_Driver/Src/stm32f4xx_hal_dma.c
      Source file:   Drivers/STM32F4xx_HAL_Driver/Src/stm32f4xx_hal_dma_ex.c

   * Component: Keil::Device:STM32Cube HAL:EXTI:1.8.1
      Source file:   Drivers/STM32F4xx_HAL_Driver/Src/stm32f4xx_hal_exti.c

   * Component: Keil::Device:STM32Cube HAL:GPIO:1.8.1
      Source file:   Drivers/STM32F4xx_HAL_Driver/Src/stm32f4xx_hal_gpio.c

   * Component: Keil::Device:STM32Cube HAL:I2C:1.8.1
      Source file:   Drivers/STM32F4xx_HAL_Driver/Src/stm32f4xx_hal_i2c.c

   * Component: Keil::Device:STM32Cube HAL:PWR:1.8.1
      Source file:   Drivers/STM32F4xx_HAL_Driver/Src/stm32f4xx_hal_pwr_ex.c
      Source file:   Drivers/STM32F4xx_HAL_Driver/Src/stm32f4xx_hal_pwr.c

   * Component: Keil::Device:STM32Cube HAL:RCC:1.8.1
      Source file:   Drivers/STM32F4xx_HAL_Driver/Src/stm32f4xx_hal_rcc.c
      Source file:   Drivers/STM32F4xx_HAL_Driver/Src/stm32f4xx_hal_rcc_ex.c

   * Component: Keil::Device:STM32Cube HAL:SPI:1.8.1
      Source file:   Drivers/STM32F4xx_HAL_Driver/Src/stm32f4xx_hal_spi.c

   * Component: Keil::Device:STM32Cube HAL:TIM:1.8.1
      Source file:   Drivers/STM32F4xx_HAL_Driver/Src/stm32f4xx_hal_tim_ex.c
      Source file:   Drivers/STM32F4xx_HAL_Driver/Src/stm32f4xx_hal_tim.c

   * Component: Keil::Device:STM32Cube HAL:UART:1.8.1
      Source file:   Drivers/STM32F4xx_HAL_Driver/Src/stm32f4xx_hal_uart.c

   * Component: Keil::Device:Startup:2.6.3
      Include file:  Drivers/CMSIS/Device/ST/STM32F4xx/Include/stm32f4xx.h
      Source file:   MDK/Device/Source/ARM/STM32F4xx_OTP.s
      Source file:   Drivers/CMSIS/Device/ST/STM32F4xx/Source/Templates/arm/startup_stm32f407xx.s
      Source file:   MDK/Device/Source/ARM/STM32F40xxx_41xxx_OPT.s
      Source file:   Drivers/CMSIS/Device/ST/STM32F4xx/Source/Templates/system_stm32f4xx.c
Build Time Elapsed:  00:00:01
</pre>
</body>
</html>
